// Jest Snapshot v1, https://goo.gl/fbAQLP

exports[`<SideNav /> should render a SideNav 1`] = `
ShallowWrapper {
  "length": 1,
  Symbol(enzyme.__root__): [Circular],
  Symbol(enzyme.__unrendered__): <SideNav
    className=""
    expandable={false}
    expanded={false}
    navSectionTitle="Overview"
    topMenu={false}
  />,
  Symbol(enzyme.__renderer__): Object {
    "batchedUpdates": [Function],
    "getNode": [Function],
    "render": [Function],
    "simulateEvent": [Function],
    "unmount": [Function],
  },
  Symbol(enzyme.__node__): Object {
    "instance": null,
    "key": undefined,
    "nodeType": "host",
    "props": Object {
      "children": Array [
        <h3
          className="cui-side-nav__title--sub"
        >
          <button
            className="cui-side-nav__button"
            onClick={[Function]}
          >
            Overview
          </button>
        </h3>,
        null,
      ],
      "className": "cui-side-nav  cui-side-nav--expanded",
    },
    "ref": null,
    "rendered": Array [
      Object {
        "instance": null,
        "key": undefined,
        "nodeType": "host",
        "props": Object {
          "children": <button
            className="cui-side-nav__button"
            onClick={[Function]}
          >
            Overview
          </button>,
          "className": "cui-side-nav__title--sub",
        },
        "ref": null,
        "rendered": Object {
          "instance": null,
          "key": undefined,
          "nodeType": "host",
          "props": Object {
            "children": Array [
              "Overview",
              false,
              false,
            ],
            "className": "cui-side-nav__button",
            "onClick": [Function],
          },
          "ref": null,
          "rendered": Array [
            "Overview",
            false,
            false,
          ],
          "type": "button",
        },
        "type": "h3",
      },
      null,
    ],
    "type": "div",
  },
  Symbol(enzyme.__nodes__): Array [
    Object {
      "instance": null,
      "key": undefined,
      "nodeType": "host",
      "props": Object {
        "children": Array [
          <h3
            className="cui-side-nav__title--sub"
          >
            <button
              className="cui-side-nav__button"
              onClick={[Function]}
            >
              Overview
            </button>
          </h3>,
          null,
        ],
        "className": "cui-side-nav  cui-side-nav--expanded",
      },
      "ref": null,
      "rendered": Array [
        Object {
          "instance": null,
          "key": undefined,
          "nodeType": "host",
          "props": Object {
            "children": <button
              className="cui-side-nav__button"
              onClick={[Function]}
            >
              Overview
            </button>,
            "className": "cui-side-nav__title--sub",
          },
          "ref": null,
          "rendered": Object {
            "instance": null,
            "key": undefined,
            "nodeType": "host",
            "props": Object {
              "children": Array [
                "Overview",
                false,
                false,
              ],
              "className": "cui-side-nav__button",
              "onClick": [Function],
            },
            "ref": null,
            "rendered": Array [
              "Overview",
              false,
              false,
            ],
            "type": "button",
          },
          "type": "h3",
        },
        null,
      ],
      "type": "div",
    },
  ],
  Symbol(enzyme.__options__): Object {
    "adapter": ReactFifteenAdapter {
      "options": Object {
        "supportPrevContextArgumentOfComponentDidUpdate": true,
      },
    },
  },
}
`;
